<html>
<body>
<pre>
<h1>µVision Build Log</h1>
<h2>Tool Versions:</h2>
IDE-Version: ¦ÌVision V5.32.0.0
Copyright (C) 2020 ARM Ltd and ARM Germany GmbH. All rights reserved.
License Information: MR,  , LIC=ZB4EI-T0AR2-IIE5V-PK85E-GZ9P0-ZYWNL
 
Tool Versions:
Toolchain:       MDK-ARM Plus  Version: 5.32.0.0
Toolchain Path:  D:\Keil_v5\ARM\ARMCC\Bin
C Compiler:      Armcc.exe V5.06 update 7 (build 960)
Assembler:       Armasm.exe V5.06 update 7 (build 960)
Linker/Locator:  ArmLink.exe V5.06 update 7 (build 960)
Library Manager: ArmAr.exe V5.06 update 7 (build 960)
Hex Converter:   FromElf.exe V5.06 update 7 (build 960)
CPU DLL:         SARMCM3.DLL V5.32.0.0
Dialog DLL:      DCM.DLL V1.17.3.0
Target DLL:      STLink\ST-LINKIII-KEIL_SWO.dll V3.0.8.0
Dialog DLL:      TCM.DLL V1.46.0.0
 
<h2>Project:</h2>
D:\CubeMX_project\HUN_FASE_SRT_2024\MDK-ARM\HUN_FASE_SRT_2024.uvprojx
Project File Date:  04/17/2024

<h2>Output:</h2>
*** Using Compiler 'V5.06 update 7 (build 960)', folder: 'D:\Keil_v5\ARM\ARMCC\Bin'
Rebuild target 'HUN_FASE_SRT_2024'
assembling startup_stm32f103xe.s...
compiling stm32f1xx_hal_msp.c...
compiling gpio.c...
compiling stm32f1xx_hal_rcc_ex.c...
compiling stm32f1xx_hal_cortex.c...
compiling freertos.c...
compiling stm32f1xx_hal_pwr.c...
compiling stm32f1xx_hal_dma.c...
compiling can.c...
compiling stm32f1xx_hal_gpio.c...
compiling stm32f1xx_hal_can.c...
compiling stm32f1xx_it.c...
compiling stm32f1xx_hal_gpio_ex.c...
compiling stm32f1xx_hal.c...
compiling main.c...
compiling stm32f1xx_hal_rcc.c...
compiling croutine.c...
compiling list.c...
compiling event_groups.c...
compiling stream_buffer.c...
compiling heap_4.c...
compiling queue.c...
compiling timers.c...
compiling tasks.c...
compiling port.c...
compiling cmsis_os2.c...
compiling stm32f1xx_hal_tim.c...
compiling lora_task.c...
App\lora_task.h(16): warning:  #1-D: last line of file ends without a newline
  #endif //LORA_TASK_H
App\lora_task.c(25): warning:  #1-D: last line of file ends without a newline
  }
App\lora_task.c: 2 warnings, 0 errors
compiling stm32f1xx_hal_flash.c...
compiling stm32f1xx_hal_exti.c...
compiling stm32f1xx_hal_flash_ex.c...
compiling gear_task.c...
App\gear_task.h(16): warning:  #1-D: last line of file ends without a newline
  #endif //GEAR_TASK_H
App\gear_task.c(26): warning:  #1-D: last line of file ends without a newline
  	}
App\gear_task.c: 2 warnings, 0 errors
compiling system_stm32f1xx.c...
compiling fan_task.c...
App\fan_task.h(16): warning:  #1-D: last line of file ends without a newline
  #endif //FAN_TASK_H
App\fan_task.c(26): warning:  #1-D: last line of file ends without a newline
  }
App\fan_task.c: 2 warnings, 0 errors
compiling gear_conl_task.c...
App\gear_conl_task.c(26): warning:  #1-D: last line of file ends without a newline
  }
App\gear_conl_task.c: 1 warning, 0 errors
compiling stm32f1xx_hal_tim_ex.c...
linking...
Program Size: Code=10648 RO-data=616 RW-data=156 ZI-data=13516  
FromELF: creating hex file...
"HUN_FASE_SRT_2024\HUN_FASE_SRT_2024.axf" - 0 Error(s), 7 Warning(s).

<h2>Software Packages used:</h2>

Package Vendor: ARM
                http://www.keil.com/pack/ARM.CMSIS.5.7.0.pack
                ARM.CMSIS.5.7.0
                CMSIS (Cortex Microcontroller Software Interface Standard)
   * Component: CORE Version: 5.4.0

Package Vendor: Keil
                https://www.keil.com/pack/Keil.STM32F1xx_DFP.2.4.1.pack
                Keil.STM32F1xx_DFP.2.4.1
                STMicroelectronics STM32F1 Series Device Support, Drivers and Examples

<h2>Collection of Component include folders:</h2>
  .\RTE\_HUN_FASE_SRT_2024
  D:\Users\MR\AppData\Local\Arm\Packs\ARM\CMSIS\5.7.0\CMSIS\Core\Include
  D:\Users\MR\AppData\Local\Arm\Packs\Keil\STM32F1xx_DFP\2.4.1\Device\Include

<h2>Collection of Component Files used:</h2>

   * Component: ARM::CMSIS:CORE:5.4.0
      Include file:  CMSIS\Core\Include\tz_context.h
Build Time Elapsed:  00:00:06
</pre>
</body>
</html>
